../Core/Src/main.c:74:1:__io_putchar	16	static
../Core/Src/main.c:82:6:timer_start	8	static
../Core/Src/main.c:86:6:delay_us	16	static
../Core/Src/main.c:92:6:trig	8	static
../Core/Src/main.c:103:19:echo	16	static
../Core/Src/main.c:119:6:timer2_start	8	static
../Core/Src/main.c:123:6:delay2_us	16	static
../Core/Src/main.c:129:6:trig2	8	static
../Core/Src/main.c:135:19:echo2	16	static
../Core/Src/main.c:151:6:smartcar_forward	8	static
../Core/Src/main.c:165:6:smartcar_backward	8	static
../Core/Src/main.c:179:6:smartcar_right	8	static
../Core/Src/main.c:193:6:smartcar_left	8	static
../Core/Src/main.c:207:6:smartcar_stop	8	static
../Core/Src/main.c:226:5:main	8	static
../Core/Src/main.c:362:6:SystemClock_Config	72	static
../Core/Src/main.c:398:13:MX_TIM1_Init	32	static
../Core/Src/main.c:441:13:MX_TIM2_Init	32	static
../Core/Src/main.c:483:13:MX_USART2_UART_Init	8	static
../Core/Src/main.c:514:13:MX_GPIO_Init	40	static
../Core/Src/main.c:596:6:Error_Handler	4	static,ignoring_inline_asm
