../Core/Src/main.c:66:1:__io_putchar	16	static
../Core/Src/main.c:75:6:smartcar_forward	8	static
../Core/Src/main.c:90:6:smartcar_backward	8	static
../Core/Src/main.c:105:6:smartcar_right	8	static
../Core/Src/main.c:120:6:smartcar_left	8	static
../Core/Src/main.c:135:6:smartcar_stop	8	static
../Core/Src/main.c:155:5:main	16	static
../Core/Src/main.c:264:6:SystemClock_Config	72	static
../Core/Src/main.c:303:13:MX_USART2_UART_Init	8	static
../Core/Src/main.c:336:13:MX_GPIO_Init	40	static
../Core/Src/main.c:395:6:Error_Handler	4	static,ignoring_inline_asm
